           *******************************************************
                            Listing of SPARK Text
                              Examiner GPL 2011
             Copyright (C) 2011 Altran Praxis Limited, Bath, U.K.
           *******************************************************


                        DATE : 16-FEB-2012 13:31:21.53

Line
   1  package body Faculty is
   2  	-- maximum n = 12 fac := 12! = 479001600
   3  	procedure calculate_faculty(n : in Faculty_Positive; fac : out Natural) is
   4  	i 	: Positive := 1;
   5  	begin 
   6  		fac := 1;
   7  		while i <= n loop

--- (  1)  Warning           :402: Default assertion planted to cut loop.

   8              if fac <= Positive'Last / i then
   9                  fac := fac * i;
  10                  i := i + 1;
  11              else
  12                --ungültiger zustand falls i zu groß
  13                fac := 0;
  14              end if;
  15  		end loop;
  16  	end calculate_faculty;

+++        Flow analysis of subprogram calculate_faculty 
           performed: no errors found.

  17  
  18  	function Proof_Factorial(N: Faculty_Positive) return Positive is
  19  	--# hide Proof_Factorial;
  20  		P: Positive := 1;
  21  	begin
  22  		for I in Positive range 1 .. Positive(N) loop
  23  			P := P * I;
  24  		end loop;
  25  		
  26  		return P;
  27  	end Proof_Factorial;

--- (  2)  Warning           : 10: The body of subprogram Proof_Factorial is hidden 
           - hidden text is ignored by the Examiner.

  28  end Faculty;


--End of file--------------------------------------------------
