           *******************************************************
                            Listing of SPARK Text
                              Examiner GPL 2011
             Copyright (C) 2011 Altran Praxis Limited, Bath, U.K.
           *******************************************************


                        DATE : 27-NOV-2011 18:25:07.96

Line
   1  package body correct_ballot_box is
   2  
   3  --IS EMPTY
   4  function Is_Empty return Boolean is
   5  Result : Boolean := True;
   6  begin
   7  	if Remaining_Voters = Voters'Last then
   8  		for I in Options loop
   9  			if Votes(I) /= 0 then
  10  				Result := False;
  11  			end if;
  12  		end loop;
  13  	end if;
  14      return Result;
  15  end Is_Empty;

+++        Flow analysis of subprogram Is_Empty performed: 
           no errors found.

  16  
  17  --VOTE FOR
  18  procedure Vote_For(Vote: Options) is
  19  
  20  begin
  21  if Remaining_Voters > Voters'First then
  22  	Remaining_Voters := Remaining_Voters - 1;
  23  	Votes(Vote) := Votes(Vote) +1;
  24  end if;
  25  
  26  end Vote_For;

+++        Flow analysis of subprogram Vote_For performed: 
           no errors found.

  27  
  28  end correct_ballot_box;

Note: Information flow analysis not carried out


--End of file--------------------------------------------------
