           *******************************************************
                            Listing of SPARK Text
                              Examiner GPL 2011
             Copyright (C) 2011 Altran Praxis Limited, Bath, U.K.
           *******************************************************


                        DATE : 22-NOV-2011 15:23:25.85

Line
   1  with Ada.Text_IO, Ada.Integer_Text_IO;
               ^1           ^2
--- (  1)  Warning           :  1: The identifier Text_IO is either undeclared or 
           not visible at this point.
--- (  2)  Warning           :  1: The identifier Integer_Text_IO is either 
           undeclared or not visible at this point.

   2  --#inherit Text_IO, Integer_Text_IO, Ada;
                 ^3       ^5
*** (  3)  Semantic Error    :135: The package Text_IO is undeclared or not 
           visible, or there is a circularity in the list of inherited packages.
--- (  4)  Warning           :430: SLI generation abandoned owing to syntax or 
           semantic errors or multiple units in a single source file.
*** (  5)  Semantic Error    :135: The package Integer_Text_IO is undeclared or not 
           visible, or there is a circularity in the list of inherited packages.

   3  
   4  package RGB is
   5  	type Color is private;
   6  	subtype Intensity is Integer range 0..255;
   7  
   8  	function To_Color(	RedIntensity		: Intensity;
   9  		  		GreenIntensity		: Intensity;
  10  		  		BlueIntensity		: Intensity )
  11  			return Color;
  12  
  13  -- Saturation arithmetics
  14  function add 	(Left : Color; Right : Color)  return Color;	
  15  function sub	(Left : Color; Right : Color)  return Color;
  16  function mult	(Left : Color; Right : Color)  return Color; -- dot product
  17  function equals	(Left : Color; Right : Color)  return Boolean;
  18  
  19  
  20  --print the Intensity of each color as hex values.
  21  procedure Put(Item  : in Color);
  22  --# derives null from Item;

--- (  6)  Note              :  1: This dependency relation was not used for this 
           analysis and has not been checked for accuracy.

  23  
  24  type RGB_Type is (Red, Green, Blue);
  25  type Color is array (RGB_Type) of Intensity;
           ^7
*** (  7)  Semantic Error    : 10: Illegal redeclaration of identifier Color.

  26  
  27  private
  28  	
  29  end RGB;
          ^8
*** (  8)  Semantic Error    : 27: The private type Color does not have an 
           associated full definition.


Note: Information flow analysis not carried out


--End of file--------------------------------------------------
