           *******************************************************
                            Listing of SPARK Text
                              Examiner GPL 2011
             Copyright (C) 2011 Altran Praxis Limited, Bath, U.K.
           *******************************************************


                        DATE : 22-NOV-2011 14:14:05.20

Line
   1  with Ada.Text_IO, Ada.Integer_Text_IO;
   2  
   3  package RGB is
   4  	type Color is private;
   5  	subtype Intensity is Integer range 0..255;
   6  
   7  	function To_Color(	RedIntensity		: Intensity;
   8  		  		GreenIntensity		: Intensity;
   9  		  		BlueIntensity		: Intensity )
  10  			return Color;
  11  
  12  -- Saturation arithmetics
  13  function "+"(Left : Color; Right : Color)  return Color;	
                                                             ^1
*** (  1)  Syntax Error      : reserved word "RENAMES" expected.
--- (  2)  Warning           :430: SLI generation abandoned owing to syntax or 
           semantic errors or multiple units in a single source file.

  14  function "-"(Left : Color; Right : Color)  return Color;
                                                             ^3
*** (  3)  Syntax Error      : reserved word "RENAMES" expected.

  15  function "*"(Left : Color; Right : Color)  return Color; -- dot product
                                                             ^4
*** (  4)  Syntax Error      : reserved word "RENAMES" expected.

  16  function "="(Left : Color; Right : Color)  return Boolean;
                                                               ^5
*** (  5)  Syntax Error      : reserved word "RENAMES" expected.

  17  
  18  
  19  --print the Intensity of each color as hex values.
  20  procedure Put(Item  : in Color);
  21  
  22  private
  23  	type RGB is (Red, Green, Blue);
  24  	type Color is array (RGB) of Intensity;
  25  end RGB;


--End of file--------------------------------------------------
