           *******************************************************
                            Listing of SPARK Text
                              Examiner GPL 2011
             Copyright (C) 2011 Altran Praxis Limited, Bath, U.K.
           *******************************************************


                        DATE : 24-NOV-2011 10:58:21.08

Line
   1  with Ada.Text_IO, Ada.Integer_Text_IO;
           ^1           ^2
--- (  1)  Warning           :  1: The identifier Ada is either undeclared or not 
           visible at this point.
--- (  2)  Warning           :  1: The identifier Ada is either undeclared or not 
           visible at this point.

   2  
   3  package RGB_Spark is
   4     subtype Intensity is Integer range 0..255;
   5     type RGB is (Red, Green, Blue);
   6     type RGB_Color is array (RGB) of Intensity;
   7      type Color is record
   8        Value : RGB_Color;
   9        Valid : Boolean;
  10     end record;
  11    
  12     procedure To_Color(RedIntensity   : in Intensity;
  13  		     GreenIntensity : in Intensity; 
  14  		     BlueIntensity  : in Intensity;
  15               Result : out Color);
  16     --# derives Result from RedIntensity, GreenIntensity, BlueIntensity;
  17     
  18     
  19     -- Returs True if "Item" is a valid color, otherwise False
  20     -- Implementation notes: 
  21     -- "Item" is valid if and only if Item.Valid = True,
  22     -- otherwise "Item" is invalid.
  23     function Is_Valid(Item : Color) return Boolean;
  24     --# return Item.Valid;
  25     
  26     -- Return only True if "Left" and "Right" is a valid color, and 
  27     -- "Left" and "Right" represent the same color in the RGB  color model,
  28     procedure equals(Left : in Color; Right : in Color; Result : out Color);
  29     --# derives Result from Left,Right; 
  30         
  31     -- Perform saturation arithmetic if "Left" and "Right" is a valid color,
  32     -- otherwise return any invalid color.
  33     procedure add(Left : in Color; Right : in Color; Result : out Color)  ;
  34     --# derives Result from Left,Right; 
  35     procedure sub(Left : in Color; Right : in Color; Result : out Color)  ;
  36     --# derives Result from Left,Right; 
  37     procedure mult(Left : in Color; Right : in Color; Result : out Color)  ; 
  38     --# derives Result from Left,Right; 
  39     
  40     -- Perform saturation arithmetic if "Left" and "Right" is a valid color,
  41     -- otherwise return an invalid color.
  42     -- If there is a division by zero, then an invalid number is returned.
  43     -- Returns any invalid number if division by zero occurs.
  44     procedure divi(Left : in Color; Right : in Color; Result : out Color)  ; 
  45     --# derives Result from Left,Right; 
  46     
  47     -- Print the hex string reprensentation of Item if valid,
  48     -- otherwise print "Invalid Color".
  49     procedure Put(Item : in Color);
  50     --# derives null from Item; 
  51     
  52  end RGB_Spark;
  53        


--End of file--------------------------------------------------
