           *******************************************************
                            Listing of SPARK Text
                              Examiner GPL 2011
             Copyright (C) 2011 Altran Praxis Limited, Bath, U.K.
           *******************************************************


                        DATE : 06-DEC-2011 13:43:06.27

Line
   1  package body coffee_machine is
   2  
   3  procedure Initialize( X : out State) is
   4  begin
   5  X := 0; -- init an empty credit
   6  end Initialize;

+++        Flow analysis of subprogram Initialize 
           performed: no errors found.

   7  
   8  -- there are three states:
   9  -- 0: wait for money
  10  -- 1: ten cent where given to the machine
  11  -- 2: twenty cent whre given to the machine
  12  procedure X(S     : in out State;
  13  	       Act   : in Action;
  14  	       React : out Reaction) is
  15  begin
  16  
  17  case Act  is
  18  	when Ten_Cent =>
  19  		if S = 0 then -- add the money to the credit
  20  			S	:= 1;
  21  			React	:= Nothing;
  22  		elsif S = 1 then -- add the money to the credit
  23  			S	:= 2;
  24  			React	:= Nothing;
  25  		else -- credit is enought to produce coffee
  26  			S	:= 0;
  27  			React	:= Coffee;
  28  		end if;		
  29  	when Twenty_Cent =>
  30  		if S = 0 then -- add the money to the credit
  31  			S	:= 2;
  32  			React	:= Nothing;
  33  		else -- es ist egal ob schon 10 oder 20ct drin waren, Kaffee gibts sowieso und der Rest vom Geld ist weg
  34  			S	:= 0;
  35  			React	:= Coffee;
  36  		end if;
  37  	when Button =>
  38  		if S = 0 then -- no money was given
  39  			S 	:= 0; -- evtl. weglassen
  40  			React	:= Nothing;
  41  		else -- some money was given to the machine
  42  			S 	:= 0;
  43  			React 	:= Drop_all_Coins;
  44  		end if;
  45  end case;
  46  end X;

+++        Flow analysis of subprogram X performed: no 
           errors found.

  47  
  48  end coffee_machine;


--End of file--------------------------------------------------
